Archive member included to satisfy reference by file (symbol)

c:/eclipse_lowlevel/plugins/fr.ac6.mcu.externaltools.arm-none.win32_1.7.0.201602121829/tools/compiler/bin/../lib/gcc/arm-none-eabi/5.2.1/../../../../arm-none-eabi/lib/armv7e-m\libc.a(lib_a-errno.o)
                              src/syscalls.o (__errno)
c:/eclipse_lowlevel/plugins/fr.ac6.mcu.externaltools.arm-none.win32_1.7.0.201602121829/tools/compiler/bin/../lib/gcc/arm-none-eabi/5.2.1/../../../../arm-none-eabi/lib/armv7e-m\libc.a(lib_a-exit.o)
                              c:/eclipse_lowlevel/plugins/fr.ac6.mcu.externaltools.arm-none.win32_1.7.0.201602121829/tools/compiler/bin/../lib/gcc/arm-none-eabi/5.2.1/../../../../arm-none-eabi/lib/armv7e-m/crt0.o (exit)
c:/eclipse_lowlevel/plugins/fr.ac6.mcu.externaltools.arm-none.win32_1.7.0.201602121829/tools/compiler/bin/../lib/gcc/arm-none-eabi/5.2.1/../../../../arm-none-eabi/lib/armv7e-m\libc.a(lib_a-impure.o)
                              c:/eclipse_lowlevel/plugins/fr.ac6.mcu.externaltools.arm-none.win32_1.7.0.201602121829/tools/compiler/bin/../lib/gcc/arm-none-eabi/5.2.1/../../../../arm-none-eabi/lib/armv7e-m\libc.a(lib_a-exit.o) (_global_impure_ptr)
c:/eclipse_lowlevel/plugins/fr.ac6.mcu.externaltools.arm-none.win32_1.7.0.201602121829/tools/compiler/bin/../lib/gcc/arm-none-eabi/5.2.1/../../../../arm-none-eabi/lib/armv7e-m\libc.a(lib_a-init.o)
                              c:/eclipse_lowlevel/plugins/fr.ac6.mcu.externaltools.arm-none.win32_1.7.0.201602121829/tools/compiler/bin/../lib/gcc/arm-none-eabi/5.2.1/../../../../arm-none-eabi/lib/armv7e-m/crt0.o (__libc_init_array)
c:/eclipse_lowlevel/plugins/fr.ac6.mcu.externaltools.arm-none.win32_1.7.0.201602121829/tools/compiler/bin/../lib/gcc/arm-none-eabi/5.2.1/../../../../arm-none-eabi/lib/armv7e-m\libc.a(lib_a-memset.o)
                              c:/eclipse_lowlevel/plugins/fr.ac6.mcu.externaltools.arm-none.win32_1.7.0.201602121829/tools/compiler/bin/../lib/gcc/arm-none-eabi/5.2.1/../../../../arm-none-eabi/lib/armv7e-m/crt0.o (memset)
c:/eclipse_lowlevel/plugins/fr.ac6.mcu.externaltools.arm-none.win32_1.7.0.201602121829/tools/compiler/bin/../lib/gcc/arm-none-eabi/5.2.1/../../../../arm-none-eabi/lib/armv7e-m\libc.a(lib_a-__call_atexit.o)
                              c:/eclipse_lowlevel/plugins/fr.ac6.mcu.externaltools.arm-none.win32_1.7.0.201602121829/tools/compiler/bin/../lib/gcc/arm-none-eabi/5.2.1/../../../../arm-none-eabi/lib/armv7e-m\libc.a(lib_a-exit.o) (__call_exitprocs)
c:/eclipse_lowlevel/plugins/fr.ac6.mcu.externaltools.arm-none.win32_1.7.0.201602121829/tools/compiler/bin/../lib/gcc/arm-none-eabi/5.2.1/../../../../arm-none-eabi/lib/armv7e-m\libc.a(lib_a-atexit.o)
                              c:/eclipse_lowlevel/plugins/fr.ac6.mcu.externaltools.arm-none.win32_1.7.0.201602121829/tools/compiler/bin/../lib/gcc/arm-none-eabi/5.2.1/../../../../arm-none-eabi/lib/armv7e-m\libc.a(lib_a-__call_atexit.o) (atexit)
c:/eclipse_lowlevel/plugins/fr.ac6.mcu.externaltools.arm-none.win32_1.7.0.201602121829/tools/compiler/bin/../lib/gcc/arm-none-eabi/5.2.1/../../../../arm-none-eabi/lib/armv7e-m\libc.a(lib_a-fini.o)
                              c:/eclipse_lowlevel/plugins/fr.ac6.mcu.externaltools.arm-none.win32_1.7.0.201602121829/tools/compiler/bin/../lib/gcc/arm-none-eabi/5.2.1/../../../../arm-none-eabi/lib/armv7e-m\libc.a(lib_a-__call_atexit.o) (__libc_fini_array)
c:/eclipse_lowlevel/plugins/fr.ac6.mcu.externaltools.arm-none.win32_1.7.0.201602121829/tools/compiler/bin/../lib/gcc/arm-none-eabi/5.2.1/../../../../arm-none-eabi/lib/armv7e-m\libc.a(lib_a-__atexit.o)
                              c:/eclipse_lowlevel/plugins/fr.ac6.mcu.externaltools.arm-none.win32_1.7.0.201602121829/tools/compiler/bin/../lib/gcc/arm-none-eabi/5.2.1/../../../../arm-none-eabi/lib/armv7e-m\libc.a(lib_a-atexit.o) (__register_exitproc)

Allocating common symbols
Common symbol       size              file

pFlash              0x20              HAL_Driver/Src/stm32f3xx_hal_flash.o
lcdhwinterface_stm32
                    0x48              src/main.o

Discarded input sections

 .text          0x00000000        0x0 c:/eclipse_lowlevel/plugins/fr.ac6.mcu.externaltools.arm-none.win32_1.7.0.201602121829/tools/compiler/bin/../lib/gcc/arm-none-eabi/5.2.1/armv7e-m/crti.o
 .data          0x00000000        0x0 c:/eclipse_lowlevel/plugins/fr.ac6.mcu.externaltools.arm-none.win32_1.7.0.201602121829/tools/compiler/bin/../lib/gcc/arm-none-eabi/5.2.1/armv7e-m/crti.o
 .bss           0x00000000        0x0 c:/eclipse_lowlevel/plugins/fr.ac6.mcu.externaltools.arm-none.win32_1.7.0.201602121829/tools/compiler/bin/../lib/gcc/arm-none-eabi/5.2.1/armv7e-m/crti.o
 .data          0x00000000        0x4 c:/eclipse_lowlevel/plugins/fr.ac6.mcu.externaltools.arm-none.win32_1.7.0.201602121829/tools/compiler/bin/../lib/gcc/arm-none-eabi/5.2.1/armv7e-m/crtbegin.o
[...]
Memory Configuration

Name             Origin             Length             Attributes
RAM              0x20000000         0x0000a000         xrw
ROM              0x08000000         0x00040000         xr
*default*        0x00000000         0xffffffff

Linker script and memory map

LOAD c:/eclipse_lowlevel/plugins/fr.ac6.mcu.externaltools.arm-none.win32_1.7.0.201602121829/tools/compiler/bin/../lib/gcc/arm-none-eabi/5.2.1/armv7e-m/crti.o
LOAD c:/eclipse_lowlevel/plugins/fr.ac6.mcu.externaltools.arm-none.win32_1.7.0.201602121829/tools/compiler/bin/../lib/gcc/arm-none-eabi/5.2.1/armv7e-m/crtbegin.o
LOAD c:/eclipse_lowlevel/plugins/fr.ac6.mcu.externaltools.arm-none.win32_1.7.0.201602121829/tools/compiler/bin/../lib/gcc/arm-none-eabi/5.2.1/../../../../arm-none-eabi/lib/armv7e-m/crt0.o
LOAD c:/eclipse_lowlevel/plugins/fr.ac6.mcu.externaltools.arm-none.win32_1.7.0.201602121829/tools/compiler/bin/../lib/gcc/arm-none-eabi/5.2.1/../../../../arm-none-eabi/lib/armv7e-m\libm.a
LOAD startup/startup_stm32.o
LOAD src/LCDInterface.o
LOAD src/main.o
LOAD src/stm32f3xx_it.o
LOAD src/syscalls.o
LOAD src/system_stm32f3xx.o
LOAD LcdController/NT7538_Driver.o
LOAD HAL_Driver/Src/stm32f3xx_hal.o
LOAD HAL_Driver/Src/stm32f3xx_hal_adc.o
LOAD HAL_Driver/Src/stm32f3xx_hal_adc_ex.o
LOAD HAL_Driver/Src/stm32f3xx_hal_can.o
LOAD HAL_Driver/Src/stm32f3xx_hal_cec.o
LOAD HAL_Driver/Src/stm32f3xx_hal_comp.o
LOAD HAL_Driver/Src/stm32f3xx_hal_cortex.o
LOAD HAL_Driver/Src/stm32f3xx_hal_crc.o
LOAD HAL_Driver/Src/stm32f3xx_hal_crc_ex.o
LOAD HAL_Driver/Src/stm32f3xx_hal_dac.o
LOAD HAL_Driver/Src/stm32f3xx_hal_dac_ex.o
LOAD HAL_Driver/Src/stm32f3xx_hal_dma.o
LOAD HAL_Driver/Src/stm32f3xx_hal_flash.o
LOAD HAL_Driver/Src/stm32f3xx_hal_flash_ex.o
LOAD HAL_Driver/Src/stm32f3xx_hal_gpio.o
LOAD HAL_Driver/Src/stm32f3xx_hal_hrtim.o
LOAD HAL_Driver/Src/stm32f3xx_hal_i2c.o
LOAD HAL_Driver/Src/stm32f3xx_hal_i2c_ex.o
LOAD HAL_Driver/Src/stm32f3xx_hal_i2s.o
LOAD HAL_Driver/Src/stm32f3xx_hal_i2s_ex.o
LOAD HAL_Driver/Src/stm32f3xx_hal_irda.o
LOAD HAL_Driver/Src/stm32f3xx_hal_iwdg.o
LOAD HAL_Driver/Src/stm32f3xx_hal_nand.o
LOAD HAL_Driver/Src/stm32f3xx_hal_nor.o
LOAD HAL_Driver/Src/stm32f3xx_hal_opamp.o
LOAD HAL_Driver/Src/stm32f3xx_hal_opamp_ex.o
LOAD HAL_Driver/Src/stm32f3xx_hal_pccard.o
LOAD HAL_Driver/Src/stm32f3xx_hal_pcd.o
LOAD HAL_Driver/Src/stm32f3xx_hal_pcd_ex.o
LOAD HAL_Driver/Src/stm32f3xx_hal_pwr.o
LOAD HAL_Driver/Src/stm32f3xx_hal_pwr_ex.o
LOAD HAL_Driver/Src/stm32f3xx_hal_rcc.o
LOAD HAL_Driver/Src/stm32f3xx_hal_rcc_ex.o
LOAD HAL_Driver/Src/stm32f3xx_hal_rtc.o
LOAD HAL_Driver/Src/stm32f3xx_hal_rtc_ex.o
LOAD HAL_Driver/Src/stm32f3xx_hal_sdadc.o
LOAD HAL_Driver/Src/stm32f3xx_hal_smartcard.o
LOAD HAL_Driver/Src/stm32f3xx_hal_smartcard_ex.o
LOAD HAL_Driver/Src/stm32f3xx_hal_smbus.o
LOAD HAL_Driver/Src/stm32f3xx_hal_spi.o
LOAD HAL_Driver/Src/stm32f3xx_hal_spi_ex.o
LOAD HAL_Driver/Src/stm32f3xx_hal_sram.o
LOAD HAL_Driver/Src/stm32f3xx_hal_tim.o
LOAD HAL_Driver/Src/stm32f3xx_hal_tim_ex.o
LOAD HAL_Driver/Src/stm32f3xx_hal_tsc.o
LOAD HAL_Driver/Src/stm32f3xx_hal_uart.o
LOAD HAL_Driver/Src/stm32f3xx_hal_uart_ex.o
LOAD HAL_Driver/Src/stm32f3xx_hal_usart.o
LOAD HAL_Driver/Src/stm32f3xx_hal_wwdg.o
LOAD HAL_Driver/Src/stm32f3xx_ll_fmc.o
START GROUP
LOAD c:/eclipse_lowlevel/plugins/fr.ac6.mcu.externaltools.arm-none.win32_1.7.0.201602121829/tools/compiler/bin/../lib/gcc/arm-none-eabi/5.2.1/armv7e-m\libgcc.a
LOAD c:/eclipse_lowlevel/plugins/fr.ac6.mcu.externaltools.arm-none.win32_1.7.0.201602121829/tools/compiler/bin/../lib/gcc/arm-none-eabi/5.2.1/../../../../arm-none-eabi/lib/armv7e-m\libc.a
END GROUP
LOAD c:/eclipse_lowlevel/plugins/fr.ac6.mcu.externaltools.arm-none.win32_1.7.0.201602121829/tools/compiler/bin/../lib/gcc/arm-none-eabi/5.2.1/armv7e-m/crtend.o
LOAD c:/eclipse_lowlevel/plugins/fr.ac6.mcu.externaltools.arm-none.win32_1.7.0.201602121829/tools/compiler/bin/../lib/gcc/arm-none-eabi/5.2.1/armv7e-m/crtn.o
                0x2000a000                _estack = 0x2000a000
                0x00000000                _Min_Heap_Size = 0x0
                0x00000400                _Min_Stack_Size = 0x400

.isr_vector     0x08000000      0x188
                0x08000000                . = ALIGN (0x4)
 *(.isr_vector)
 .isr_vector    0x08000000      0x188 startup/startup_stm32.o
                0x08000000                g_pfnVectors
                0x08000188                . = ALIGN (0x4)

.text           0x08000188     0x1298
                0x08000188                . = ALIGN (0x4)
 *(.text)
 .text          0x08000188       0xa4 c:/eclipse_lowlevel/plugins/fr.ac6.mcu.externaltools.arm-none.win32_1.7.0.201602121829/tools/compiler/bin/../lib/gcc/arm-none-eabi/5.2.1/armv7e-m/crtbegin.o
 *(.text*)
 .text.Reset_Handler
                0x0800022c       0x48 startup/startup_stm32.o
                0x0800022c                Reset_Handler
 .text.Default_Handler
                0x08000274        0x2 startup/startup_stm32.o
                0x08000274                DebugMon_Handler
                0x08000274                HardFault_Handler
                0x08000274                PendSV_Handler
                0x08000274                NMI_Handler
                0x08000274                UsageFault_Handler
                0x08000274                Default_Handler
                0x08000274                MemManage_Handler
                0x08000274                SVC_Handler
                0x08000274                BusFault_Handler
 *fill*         0x08000276        0x2 
 .text.ReadDataM
                0x08000278        0x4 src/LCDInterface.o
 .text.Turnoff  0x0800027c        0x4 src/LCDInterface.o
 .text.WaitingForOperation
                0x08000280        0x4 src/LCDInterface.o
 .text.PreInit  0x08000284       0x60 src/LCDInterface.o
 .text.PinReset
                0x080002e4       0x1c src/LCDInterface.o
 .text.PinRW    0x08000300       0x1c src/LCDInterface.o
 .text.PinEnable
                0x0800031c       0x1c src/LCDInterface.o
 .text.PinChipSelect
                0x08000338       0x1c src/LCDInterface.o
 .text.PinA0    0x08000354       0x1c src/LCDInterface.o
 .text.ReadCommandM
                0x08000370        0x4 src/LCDInterface.o
 .text.WriteCommandM
                0x08000374        0x4 src/LCDInterface.o
 .text.WriteDataM
                0x08000378        0x4 src/LCDInterface.o
 .text.PostInit
                0x0800037c        0x4 src/LCDInterface.o
 .text.Turnon   0x08000380        0x4 src/LCDInterface.o
 .text.ReadData
                0x08000384       0x68 src/LCDInterface.o
 .text.WriteData
                0x080003ec       0x60 src/LCDInterface.o
 .text.ReadCommand
                0x0800044c       0x74 src/LCDInterface.o
 .text.WriteCommand
                0x080004c0       0x60 src/LCDInterface.o
 .text.AssignPointerFunc
                0x08000520       0x98 src/LCDInterface.o
                0x08000520                AssignPointerFunc
 .text.startup.main
                0x080005b8       0xd8 src/main.o
                0x080005b8                main
 .text.SysTick_Handler
                0x08000690       0x10 src/stm32f3xx_it.o
                0x08000690                SysTick_Handler
 .text.SystemInit
                0x080006a0       0x60 src/system_stm32f3xx.o
                0x080006a0                SystemInit
 .text.LCDInit  0x08000700       0x58 LcdController/NT7538_Driver.o
                0x08000700                LCDInit
 .text.HAL_InitTick
                0x08000758       0x28 HAL_Driver/Src/stm32f3xx_hal.o
                0x08000758                HAL_InitTick
 .text.HAL_IncTick
                0x08000780       0x10 HAL_Driver/Src/stm32f3xx_hal.o
                0x08000780                HAL_IncTick
 .text.HAL_GetTick
                0x08000790        0xc HAL_Driver/Src/stm32f3xx_hal.o
                0x08000790                HAL_GetTick
 .text.HAL_Delay
                0x0800079c       0x1c HAL_Driver/Src/stm32f3xx_hal.o
                0x0800079c                HAL_Delay
 .text.HAL_NVIC_SetPriority
                0x080007b8       0x70 HAL_Driver/Src/stm32f3xx_hal_cortex.o
                0x080007b8                HAL_NVIC_SetPriority
 .text.HAL_SYSTICK_Config
                0x08000828       0x30 HAL_Driver/Src/stm32f3xx_hal_cortex.o
                0x08000828                HAL_SYSTICK_Config
 .text.HAL_SYSTICK_CLKSourceConfig
                0x08000858       0x18 HAL_Driver/Src/stm32f3xx_hal_cortex.o
                0x08000858                HAL_SYSTICK_CLKSourceConfig
 .text.HAL_SYSTICK_Callback
                0x08000870        0x4 HAL_Driver/Src/stm32f3xx_hal_cortex.o
                0x08000870                HAL_SYSTICK_Callback
 .text.HAL_SYSTICK_IRQHandler
                0x08000874        0x8 HAL_Driver/Src/stm32f3xx_hal_cortex.o
                0x08000874                HAL_SYSTICK_IRQHandler
 .text.HAL_GPIO_Init
                0x0800087c      0x1dc HAL_Driver/Src/stm32f3xx_hal_gpio.o
                0x0800087c                HAL_GPIO_Init
 .text.HAL_GPIO_WritePin
                0x08000a58        0xc HAL_Driver/Src/stm32f3xx_hal_gpio.o
                0x08000a58                HAL_GPIO_WritePin
 .text.HAL_GPIO_TogglePin
                0x08000a64        0x8 HAL_Driver/Src/stm32f3xx_hal_gpio.o
                0x08000a64                HAL_GPIO_TogglePin
 .text.HAL_RCC_OscConfig
                0x08000a6c      0x5ec HAL_Driver/Src/stm32f3xx_hal_rcc.o
                0x08000a6c                HAL_RCC_OscConfig
 .text.HAL_RCC_ClockConfig
                0x08001058      0x1e4 HAL_Driver/Src/stm32f3xx_hal_rcc.o
                0x08001058                HAL_RCC_ClockConfig
 .text.HAL_RCC_GetHCLKFreq
                0x0800123c       0x90 HAL_Driver/Src/stm32f3xx_hal_rcc.o
                0x0800123c                HAL_RCC_GetHCLKFreq
 .text.__libc_init_array
                0x080012cc       0x50 c:/eclipse_lowlevel/plugins/fr.ac6.mcu.externaltools.arm-none.win32_1.7.0.201602121829/tools/compiler/bin/../lib/gcc/arm-none-eabi/5.2.1/../../../../arm-none-eabi/lib/armv7e-m\libc.a(lib_a-init.o)
                0x080012cc                __libc_init_array
 .text.startup.register_fini
                0x0800131c       0x14 c:/eclipse_lowlevel/plugins/fr.ac6.mcu.externaltools.arm-none.win32_1.7.0.201602121829/tools/compiler/bin/../lib/gcc/arm-none-eabi/5.2.1/../../../../arm-none-eabi/lib/armv7e-m\libc.a(lib_a-__call_atexit.o)
 .text.atexit   0x08001330        0xc c:/eclipse_lowlevel/plugins/fr.ac6.mcu.externaltools.arm-none.win32_1.7.0.201602121829/tools/compiler/bin/../lib/gcc/arm-none-eabi/5.2.1/../../../../arm-none-eabi/lib/armv7e-m\libc.a(lib_a-atexit.o)
                0x08001330                atexit
 .text.__libc_fini_array
                0x0800133c       0x28 c:/eclipse_lowlevel/plugins/fr.ac6.mcu.externaltools.arm-none.win32_1.7.0.201602121829/tools/compiler/bin/../lib/gcc/arm-none-eabi/5.2.1/../../../../arm-none-eabi/lib/armv7e-m\libc.a(lib_a-fini.o)
                0x0800133c                __libc_fini_array
 .text.__register_exitproc
                0x08001364       0xa4 c:/eclipse_lowlevel/plugins/fr.ac6.mcu.externaltools.arm-none.win32_1.7.0.201602121829/tools/compiler/bin/../lib/gcc/arm-none-eabi/5.2.1/../../../../arm-none-eabi/lib/armv7e-m\libc.a(lib_a-__atexit.o)
                0x08001364                __register_exitproc
 *(.glue_7)
 .glue_7        0x08001408        0x0 linker stubs
 *(.glue_7t)
 .glue_7t       0x08001408        0x0 linker stubs
 *(.eh_frame)
 .eh_frame      0x08001408        0x0 c:/eclipse_lowlevel/plugins/fr.ac6.mcu.externaltools.arm-none.win32_1.7.0.201602121829/tools/compiler/bin/../lib/gcc/arm-none-eabi/5.2.1/armv7e-m/crtbegin.o
 *(.init)
 .init          0x08001408        0x4 c:/eclipse_lowlevel/plugins/fr.ac6.mcu.externaltools.arm-none.win32_1.7.0.201602121829/tools/compiler/bin/../lib/gcc/arm-none-eabi/5.2.1/armv7e-m/crti.o
                0x08001408                _init
 .init          0x0800140c        0x8 c:/eclipse_lowlevel/plugins/fr.ac6.mcu.externaltools.arm-none.win32_1.7.0.201602121829/tools/compiler/bin/../lib/gcc/arm-none-eabi/5.2.1/armv7e-m/crtn.o
 *(.fini)
 .fini          0x08001414        0x4 c:/eclipse_lowlevel/plugins/fr.ac6.mcu.externaltools.arm-none.win32_1.7.0.201602121829/tools/compiler/bin/../lib/gcc/arm-none-eabi/5.2.1/armv7e-m/crti.o
                0x08001414                _fini
 .fini          0x08001418        0x8 c:/eclipse_lowlevel/plugins/fr.ac6.mcu.externaltools.arm-none.win32_1.7.0.201602121829/tools/compiler/bin/../lib/gcc/arm-none-eabi/5.2.1/armv7e-m/crtn.o
                0x08001420                . = ALIGN (0x4)
                0x08001420                _etext = .

.vfp11_veneer   0x08001420        0x0
 .vfp11_veneer  0x08001420        0x0 linker stubs

.v4_bx          0x08001420        0x0
 .v4_bx         0x08001420        0x0 linker stubs

.iplt           0x08001420        0x0
 .iplt          0x08001420        0x0 c:/eclipse_lowlevel/plugins/fr.ac6.mcu.externaltools.arm-none.win32_1.7.0.201602121829/tools/compiler/bin/../lib/gcc/arm-none-eabi/5.2.1/armv7e-m/crtbegin.o

.rodata         0x08001420       0x38
                0x08001420                . = ALIGN (0x4)
 *(.rodata)
 .rodata        0x08001420       0x30 HAL_Driver/Src/stm32f3xx_hal_rcc.o
                0x08001420                aPLLMULFactorTable
                0x08001430                aPredivFactorTable
                0x08001440                aAPBAHBPrescTable
 *(.rodata*)
 .rodata.str1.4
                0x08001450        0x4 c:/eclipse_lowlevel/plugins/fr.ac6.mcu.externaltools.arm-none.win32_1.7.0.201602121829/tools/compiler/bin/../lib/gcc/arm-none-eabi/5.2.1/../../../../arm-none-eabi/lib/armv7e-m\libc.a(lib_a-impure.o)
                                  0x2 (size before relaxing)
 .rodata._global_impure_ptr
                0x08001454        0x4 c:/eclipse_lowlevel/plugins/fr.ac6.mcu.externaltools.arm-none.win32_1.7.0.201602121829/tools/compiler/bin/../lib/gcc/arm-none-eabi/5.2.1/../../../../arm-none-eabi/lib/armv7e-m\libc.a(lib_a-impure.o)
                0x08001454                _global_impure_ptr
                0x08001458                . = ALIGN (0x4)

.rel.dyn        0x08001458        0x0
 .rel.iplt      0x08001458        0x0 c:/eclipse_lowlevel/plugins/fr.ac6.mcu.externaltools.arm-none.win32_1.7.0.201602121829/tools/compiler/bin/../lib/gcc/arm-none-eabi/5.2.1/armv7e-m/crtbegin.o

.ARM.extab      0x08001458        0x0
                0x08001458                . = ALIGN (0x4)
 *(.ARM.extab* .gnu.linkonce.armextab.*)
                0x08001458                . = ALIGN (0x4)

.ARM            0x08001458        0x0
                0x08001458                . = ALIGN (0x4)
                0x08001458                __exidx_start = .
 *(.ARM.exidx*)
                0x08001458                __exidx_end = .
                0x08001458                . = ALIGN (0x4)

.preinit_array  0x08001458        0x0
                0x08001458                . = ALIGN (0x4)
                0x08001458                PROVIDE (__preinit_array_start, .)
 *(.preinit_array*)
                0x08001458                PROVIDE (__preinit_array_end, .)
                0x08001458                . = ALIGN (0x4)

.init_array     0x08001458        0x8
                0x08001458                . = ALIGN (0x4)
                0x08001458                PROVIDE (__init_array_start, .)
 *(SORT(.init_array.*))
 .init_array.00000
                0x08001458        0x4 c:/eclipse_lowlevel/plugins/fr.ac6.mcu.externaltools.arm-none.win32_1.7.0.201602121829/tools/compiler/bin/../lib/gcc/arm-none-eabi/5.2.1/../../../../arm-none-eabi/lib/armv7e-m\libc.a(lib_a-__call_atexit.o)
 *(.init_array*)
 .init_array    0x0800145c        0x4 c:/eclipse_lowlevel/plugins/fr.ac6.mcu.externaltools.arm-none.win32_1.7.0.201602121829/tools/compiler/bin/../lib/gcc/arm-none-eabi/5.2.1/armv7e-m/crtbegin.o
                0x08001460                PROVIDE (__init_array_end, .)
                0x08001460                . = ALIGN (0x4)

.fini_array     0x08001460        0x4
                0x08001460                . = ALIGN (0x4)
                0x08001460                PROVIDE (__fini_array_start, .)
 *(SORT(.fini_array.*))
 *(.fini_array*)
 .fini_array    0x08001460        0x4 c:/eclipse_lowlevel/plugins/fr.ac6.mcu.externaltools.arm-none.win32_1.7.0.201602121829/tools/compiler/bin/../lib/gcc/arm-none-eabi/5.2.1/armv7e-m/crtbegin.o
                0x08001464                PROVIDE (__fini_array_end, .)
                0x08001464                . = ALIGN (0x4)
                0x08001464                _sidata = LOADADDR (.data)

.data           0x20000000      0x430 load address 0x08001464
                0x20000000                . = ALIGN (0x4)
                0x20000000                _sdata = .
 *(.data)
 .data          0x20000000        0x4 src/system_stm32f3xx.o
                0x20000000                SystemCoreClock
 *(.data*)
 *fill*         0x20000004        0x4 
 .data.impure_data
                0x20000008      0x428 c:/eclipse_lowlevel/plugins/fr.ac6.mcu.externaltools.arm-none.win32_1.7.0.201602121829/tools/compiler/bin/../lib/gcc/arm-none-eabi/5.2.1/../../../../arm-none-eabi/lib/armv7e-m\libc.a(lib_a-impure.o)
                0x20000430                . = ALIGN (0x4)
                0x20000430                _edata = .

.jcr            0x20000430        0x0 load address 0x08001894
 .jcr           0x20000430        0x0 c:/eclipse_lowlevel/plugins/fr.ac6.mcu.externaltools.arm-none.win32_1.7.0.201602121829/tools/compiler/bin/../lib/gcc/arm-none-eabi/5.2.1/armv7e-m/crtbegin.o

.tm_clone_table
                0x20000430        0x0 load address 0x08001894
 .tm_clone_table
                0x20000430        0x0 c:/eclipse_lowlevel/plugins/fr.ac6.mcu.externaltools.arm-none.win32_1.7.0.201602121829/tools/compiler/bin/../lib/gcc/arm-none-eabi/5.2.1/armv7e-m/crtbegin.o
 .tm_clone_table
                0x20000430        0x0 c:/eclipse_lowlevel/plugins/fr.ac6.mcu.externaltools.arm-none.win32_1.7.0.201602121829/tools/compiler/bin/../lib/gcc/arm-none-eabi/5.2.1/armv7e-m/crtend.o

.igot.plt       0x20000430        0x0 load address 0x08001894
 .igot.plt      0x20000430        0x0 c:/eclipse_lowlevel/plugins/fr.ac6.mcu.externaltools.arm-none.win32_1.7.0.201602121829/tools/compiler/bin/../lib/gcc/arm-none-eabi/5.2.1/armv7e-m/crtbegin.o
                0x20000430                . = ALIGN (0x4)

.bss            0x20000430       0x68 load address 0x08001894
                0x20000430                _sbss = .
                0x20000430                __bss_start__ = _sbss
 *(.bss)
 .bss           0x20000430       0x1c c:/eclipse_lowlevel/plugins/fr.ac6.mcu.externaltools.arm-none.win32_1.7.0.201602121829/tools/compiler/bin/../lib/gcc/arm-none-eabi/5.2.1/armv7e-m/crtbegin.o
 .bss           0x2000044c        0x4 HAL_Driver/Src/stm32f3xx_hal.o
 *(.bss*)
 *(COMMON)
 COMMON         0x20000450       0x48 src/main.o
                0x20000450                lcdhwinterface_stm32
                0x20000498                . = ALIGN (0x4)
                0x20000498                _ebss = .
                0x20000498                __bss_end__ = _ebss

._user_heap_stack
                0x20000498      0x400 load address 0x08001894
                0x20000498                . = ALIGN (0x8)
                0x20000498                PROVIDE (end, .)
                [!provide]                PROVIDE (_end, .)
                0x20000498                . = (. + _Min_Heap_Size)
                0x20000898                . = (. + _Min_Stack_Size)
 *fill*         0x20000498      0x400 
                0x20000898                . = ALIGN (0x8)

/DISCARD/
 libc.a(*)
 libm.a(*)
 libgcc.a(*)

.ARM.attributes
                0x00000000       0x2a
 *(.ARM.attributes)
 .ARM.attributes
                0x00000000       0x1e c:/eclipse_lowlevel/plugins/fr.ac6.mcu.externaltools.arm-none.win32_1.7.0.201602121829/tools/compiler/bin/../lib/gcc/arm-none-eabi/5.2.1/armv7e-m/crti.o
 .ARM.attributes
                0x0000001e       0x2e c:/eclipse_lowlevel/plugins/fr.ac6.mcu.externaltools.arm-none.win32_1.7.0.201602121829/tools/compiler/bin/../lib/gcc/arm-none-eabi/5.2.1/armv7e-m/crtbegin.o
 .ARM.attributes
                0x0000004c       0x21 startup/startup_stm32.o
 .ARM.attributes
                0x0000006d       0x33 src/LCDInterface.o
 .ARM.attributes
                0x000000a0       0x33 src/main.o
 .ARM.attributes
                0x000000d3       0x33 src/stm32f3xx_it.o
 .ARM.attributes
                0x00000106       0x33 src/system_stm32f3xx.o
 .ARM.attributes
                0x00000139       0x33 LcdController/NT7538_Driver.o
 .ARM.attributes
                0x0000016c       0x33 HAL_Driver/Src/stm32f3xx_hal.o
 .ARM.attributes
                0x0000019f       0x33 HAL_Driver/Src/stm32f3xx_hal_cortex.o
 .ARM.attributes
                0x000001d2       0x33 HAL_Driver/Src/stm32f3xx_hal_gpio.o
 .ARM.attributes
                0x00000205       0x33 HAL_Driver/Src/stm32f3xx_hal_rcc.o
 .ARM.attributes
                0x00000238       0x2e c:/eclipse_lowlevel/plugins/fr.ac6.mcu.externaltools.arm-none.win32_1.7.0.201602121829/tools/compiler/bin/../lib/gcc/arm-none-eabi/5.2.1/../../../../arm-none-eabi/lib/armv7e-m\libc.a(lib_a-impure.o)
 .ARM.attributes
                0x00000266       0x2e c:/eclipse_lowlevel/plugins/fr.ac6.mcu.externaltools.arm-none.win32_1.7.0.201602121829/tools/compiler/bin/../lib/gcc/arm-none-eabi/5.2.1/../../../../arm-none-eabi/lib/armv7e-m\libc.a(lib_a-init.o)
 .ARM.attributes
                0x00000294       0x2e c:/eclipse_lowlevel/plugins/fr.ac6.mcu.externaltools.arm-none.win32_1.7.0.201602121829/tools/compiler/bin/../lib/gcc/arm-none-eabi/5.2.1/../../../../arm-none-eabi/lib/armv7e-m\libc.a(lib_a-__call_atexit.o)
 .ARM.attributes
                0x000002c2       0x2e c:/eclipse_lowlevel/plugins/fr.ac6.mcu.externaltools.arm-none.win32_1.7.0.201602121829/tools/compiler/bin/../lib/gcc/arm-none-eabi/5.2.1/../../../../arm-none-eabi/lib/armv7e-m\libc.a(lib_a-atexit.o)
 .ARM.attributes
                0x000002f0       0x2e c:/eclipse_lowlevel/plugins/fr.ac6.mcu.externaltools.arm-none.win32_1.7.0.201602121829/tools/compiler/bin/../lib/gcc/arm-none-eabi/5.2.1/../../../../arm-none-eabi/lib/armv7e-m\libc.a(lib_a-fini.o)
 .ARM.attributes
                0x0000031e       0x2e c:/eclipse_lowlevel/plugins/fr.ac6.mcu.externaltools.arm-none.win32_1.7.0.201602121829/tools/compiler/bin/../lib/gcc/arm-none-eabi/5.2.1/../../../../arm-none-eabi/lib/armv7e-m\libc.a(lib_a-__atexit.o)
 .ARM.attributes
                0x0000034c       0x2e c:/eclipse_lowlevel/plugins/fr.ac6.mcu.externaltools.arm-none.win32_1.7.0.201602121829/tools/compiler/bin/../lib/gcc/arm-none-eabi/5.2.1/armv7e-m/crtend.o
 .ARM.attributes
                0x0000037a       0x1e c:/eclipse_lowlevel/plugins/fr.ac6.mcu.externaltools.arm-none.win32_1.7.0.201602121829/tools/compiler/bin/../lib/gcc/arm-none-eabi/5.2.1/armv7e-m/crtn.o
OUTPUT(NT7538_Driver.elf elf32-littlearm)

.debug_line     0x00000000       0x79
 .debug_line    0x00000000       0x79 startup/startup_stm32.o

.debug_info     0x00000000       0x66
 .debug_info    0x00000000       0x66 startup/startup_stm32.o

.debug_abbrev   0x00000000       0x12
 .debug_abbrev  0x00000000       0x12 startup/startup_stm32.o

.debug_aranges  0x00000000       0x28
 .debug_aranges
                0x00000000       0x28 startup/startup_stm32.o

.debug_ranges   0x00000000       0x20
 .debug_ranges  0x00000000       0x20 startup/startup_stm32.o

.comment        0x00000000       0x6e
 .comment       0x00000000       0x6e src/LCDInterface.o
                                 0x6f (size before relaxing)
 .comment       0x0000006e       0x6f src/main.o
 .comment       0x0000006e       0x6f src/stm32f3xx_it.o
 .comment       0x0000006e       0x6f src/system_stm32f3xx.o
 .comment       0x0000006e       0x6f LcdController/NT7538_Driver.o
 .comment       0x0000006e       0x6f HAL_Driver/Src/stm32f3xx_hal.o
 .comment       0x0000006e       0x6f HAL_Driver/Src/stm32f3xx_hal_cortex.o
 .comment       0x0000006e       0x6f HAL_Driver/Src/stm32f3xx_hal_gpio.o
 .comment       0x0000006e       0x6f HAL_Driver/Src/stm32f3xx_hal_rcc.o

.debug_frame    0x00000000      0x104
 .debug_frame   0x00000000       0x2c c:/eclipse_lowlevel/plugins/fr.ac6.mcu.externaltools.arm-none.win32_1.7.0.201602121829/tools/compiler/bin/../lib/gcc/arm-none-eabi/5.2.1/../../../../arm-none-eabi/lib/armv7e-m\libc.a(lib_a-init.o)
 .debug_frame   0x0000002c       0x50 c:/eclipse_lowlevel/plugins/fr.ac6.mcu.externaltools.arm-none.win32_1.7.0.201602121829/tools/compiler/bin/../lib/gcc/arm-none-eabi/5.2.1/../../../../arm-none-eabi/lib/armv7e-m\libc.a(lib_a-__call_atexit.o)
 .debug_frame   0x0000007c       0x20 c:/eclipse_lowlevel/plugins/fr.ac6.mcu.externaltools.arm-none.win32_1.7.0.201602121829/tools/compiler/bin/../lib/gcc/arm-none-eabi/5.2.1/../../../../arm-none-eabi/lib/armv7e-m\libc.a(lib_a-atexit.o)
 .debug_frame   0x0000009c       0x34 c:/eclipse_lowlevel/plugins/fr.ac6.mcu.externaltools.arm-none.win32_1.7.0.201602121829/tools/compiler/bin/../lib/gcc/arm-none-eabi/5.2.1/../../../../arm-none-eabi/lib/armv7e-m\libc.a(lib_a-fini.o)
 .debug_frame   0x000000d0       0x34 c:/eclipse_lowlevel/plugins/fr.ac6.mcu.externaltools.arm-none.win32_1.7.0.201602121829/tools/compiler/bin/../lib/gcc/arm-none-eabi/5.2.1/../../../../arm-none-eabi/lib/armv7e-m\libc.a(lib_a-__atexit.o)
